// Vitest Snapshot v1, https://vitest.dev/guide/snapshot.html

exports[`InProgressState > should render progress state 1`] = `
<div>
  <div
    class="upload-txn-modal"
  >
    <div
      class="upload-in-progress"
    >
      <h4>
        Media getting uploaded
      </h4>
      <div
        class="upload-progressbar"
      >
        <span
          aria-valuemax="100"
          aria-valuemin="0"
          aria-valuenow="0"
          class="MuiLinearProgress-root MuiLinearProgress-colorPrimary MuiLinearProgress-determinate progressbar css-16mo9zg-MuiLinearProgress-root"
          role="progressbar"
        >
          <span
            class="MuiLinearProgress-bar MuiLinearProgress-bar1 MuiLinearProgress-barColorPrimary MuiLinearProgress-bar1Determinate css-l16vtb-MuiLinearProgress-bar1"
            style="transform: translateX(-100%);"
          />
        </span>
        <div
          class="items-completion-indicator"
        >
          0
           of 
          2
           done
        </div>
      </div>
      <div
        class="upload-controls"
      >
        <button
          class="MuiButtonBase-root MuiButton-root MuiButton-contained MuiButton-containedPrimary MuiButton-sizeMedium MuiButton-containedSizeMedium MuiButton-colorPrimary MuiButton-root MuiButton-contained MuiButton-containedPrimary MuiButton-sizeMedium MuiButton-containedSizeMedium MuiButton-colorPrimary contained-btn css-74d805-MuiButtonBase-root-MuiButton-root"
          tabindex="0"
          type="button"
        >
          Stop
        </button>
        <button
          class="MuiButtonBase-root MuiButton-root MuiButton-text MuiButton-textPrimary MuiButton-sizeMedium MuiButton-textSizeMedium MuiButton-colorPrimary MuiButton-root MuiButton-text MuiButton-textPrimary MuiButton-sizeMedium MuiButton-textSizeMedium MuiButton-colorPrimary text-btn css-1uent87-MuiButtonBase-root-MuiButton-root"
          style="margin-left: 0.5em;"
          tabindex="0"
          type="button"
        >
          Show more
        </button>
      </div>
      <div
        class="collapsable-media-items"
      />
    </div>
  </div>
</div>
`;
